
> evocative-space@0.0.0 build
> vite build

